Loading plugins phase: Elapsed time ==> 0s.297ms
Initializing data phase: Elapsed time ==> 0s.000ms
<CYPRESSTAG name="CyDsfit arguments...">
cydsfit arguments: -.fdsnotice -.fdswarpdepfile=warp_dependencies.txt -.fdselabdepfile=elab_dependencies.txt -.fdsbldfile=generated_files.txt -p C:\github\hgs\killing40s\embedded\coaster_psoc_code\USB_UART01.cydsn\USB_UART01.cyprj -d CY8C5868AXI-LP035 -s C:\github\hgs\killing40s\embedded\coaster_psoc_code\USB_UART01.cydsn\Generated_Source\PSoC5 -- -yv2 -q10 -ygs -o2 -v3 -.fftcfgtype=LE</CYPRESSTAG>
<CYPRESSTAG name="Design elaboration results...">
</CYPRESSTAG>
Elaboration phase: Elapsed time ==> 3s.128ms
<CYPRESSTAG name="HDL generation results...">
</CYPRESSTAG>
HDL generation phase: Elapsed time ==> 0s.105ms
<CYPRESSTAG name="Synthesis results...">

     | | | | | | |
   _________________
  -|               |-
  -|               |-
  -|               |-
  -|    CYPRESS    |-
  -|               |-
  -|               |-   Warp Verilog Synthesis Compiler: Version 6.3 IR 41
  -|               |-   Copyright (C) 1991-2001 Cypress Semiconductor
   |_______________|
     | | | | | | |

======================================================================
Compiling:  USB_UART01.v
Program  :   C:\Program Files (x86)\Cypress\PSoC Creator\3.1\PSoC Creator\warp\bin/warp.exe
Options  :    -yv2 -q10 -ygs -o2 -v3 -.fftcfgtype=LE -ya -.fftprj=C:\github\hgs\killing40s\embedded\coaster_psoc_code\USB_UART01.cydsn\USB_UART01.cyprj -dcpsoc3 USB_UART01.v -verilog
======================================================================

======================================================================
Compiling:  USB_UART01.v
Program  :   C:\Program Files (x86)\Cypress\PSoC Creator\3.1\PSoC Creator\warp\bin/warp.exe
Options  :    -yv2 -q10 -ygs -o2 -v3 -.fftcfgtype=LE -ya -.fftprj=C:\github\hgs\killing40s\embedded\coaster_psoc_code\USB_UART01.cydsn\USB_UART01.cyprj -dcpsoc3 USB_UART01.v -verilog
======================================================================

======================================================================
Compiling:  USB_UART01.v
Program  :   vlogfe
Options  :    -yv2 -q10 -ygs -o2 -v3 -.fftcfgtype=LE -ya -.fftprj=C:\github\hgs\killing40s\embedded\coaster_psoc_code\USB_UART01.cydsn\USB_UART01.cyprj -dcpsoc3 -verilog USB_UART01.v
======================================================================

vlogfe V6.3 IR 41:  Verilog parser
Sat Jun 27 19:20:57 2015


======================================================================
Compiling:  USB_UART01.v
Program  :   vpp
Options  :    -yv2 -q10 USB_UART01.v
======================================================================

vpp V6.3 IR 41:  Verilog Pre-Processor
Sat Jun 27 19:20:57 2015

Flattening file 'C:\Program Files (x86)\Cypress\PSoC Creator\3.1\PSoC Creator\warp\..\psoc\content\cyprimitives\CyPrimitives.cylib\cy_virtualmux_v1_0\cy_virtualmux_v1_0.v'
Flattening file 'C:\Program Files (x86)\Cypress\PSoC Creator\3.1\PSoC Creator\warp\..\psoc\content\cyprimitives\CyPrimitives.cylib\ZeroTerminal\ZeroTerminal.v'
Flattening file 'C:\Program Files (x86)\Cypress\PSoC Creator\3.1\PSoC Creator\warp\..\psoc\content\cyprimitives\CyPrimitives.cylib\cy_analog_virtualmux_v1_0\cy_analog_virtualmux_v1_0.v'
Flattening file 'C:\Program Files (x86)\Cypress\PSoC Creator\3.1\PSoC Creator\warp\..\psoc\content\cyprimitives\CyPrimitives.cylib\or_v1_0\or_v1_0.v'
Flattening file 'C:\Program Files (x86)\Cypress\PSoC Creator\3.1\PSoC Creator\warp\..\psoc\content\cycomponentlibrary\CyComponentLibrary.cylib\AMuxSeq_v1_80\AMuxSeq_v1_80.v'
Flattening file 'C:\Program Files (x86)\Cypress\PSoC Creator\3.1\PSoC Creator\warp\lib\common\cypress.v'
Flattening file 'C:\Program Files (x86)\Cypress\PSoC Creator\3.1\PSoC Creator\warp\lib\common\cy_psoc3_inc.v'

vpp:  No errors.

Library 'work' => directory 'lcpsoc3'
General_symbol_table
General_symbol_table
Linking 'C:\Program Files (x86)\Cypress\PSoC Creator\3.1\PSoC Creator\warp\lib\common\std.vhd'.
Linking 'C:\Program Files (x86)\Cypress\PSoC Creator\3.1\PSoC Creator\warp\lib\common\cypress.vhd'.
Linking 'C:\Program Files (x86)\Cypress\PSoC Creator\3.1\PSoC Creator\warp\lib\common\work\cypress.vif'.
Linking 'C:\Program Files (x86)\Cypress\PSoC Creator\3.1\PSoC Creator\warp\lib\ieee\work\stdlogic.vif'.
Linking 'C:\Program Files (x86)\Cypress\PSoC Creator\3.1\PSoC Creator\warp\lib\common\stdlogic\lpmpkg.vif'.
Linking 'C:\Program Files (x86)\Cypress\PSoC Creator\3.1\PSoC Creator\warp\lib\common\stdlogic\rtlpkg.vif'.
Linking 'C:\Program Files (x86)\Cypress\PSoC Creator\3.1\PSoC Creator\warp\lib\common\stdlogic\mod_cnst.vif'.
Linking 'C:\Program Files (x86)\Cypress\PSoC Creator\3.1\PSoC Creator\warp\lib\common\stdlogic\mod_mthv.vif'.
Linking 'C:\Program Files (x86)\Cypress\PSoC Creator\3.1\PSoC Creator\warp\lib\common\stdlogic\mod_genv.vif'.
Using control file 'USB_UART01.ctl'.

vlogfe:  No errors.


======================================================================
Compiling:  USB_UART01.v
Program  :   tovif
Options  :    -yv2 -q10 -ygs -o2 -v3 -.fftcfgtype=LE -ya -.fftprj=C:\github\hgs\killing40s\embedded\coaster_psoc_code\USB_UART01.cydsn\USB_UART01.cyprj -dcpsoc3 -verilog USB_UART01.v
======================================================================

tovif V6.3 IR 41:  High-level synthesis
Sat Jun 27 19:20:57 2015

Linking 'C:\Program Files (x86)\Cypress\PSoC Creator\3.1\PSoC Creator\warp\lib\common\std.vhd'.
Linking 'C:\Program Files (x86)\Cypress\PSoC Creator\3.1\PSoC Creator\warp\lib\common\cypress.vhd'.
Linking 'C:\Program Files (x86)\Cypress\PSoC Creator\3.1\PSoC Creator\warp\lib\common\work\cypress.vif'.
Linking 'C:\Program Files (x86)\Cypress\PSoC Creator\3.1\PSoC Creator\warp\lib\ieee\work\stdlogic.vif'.
Linking 'C:\Program Files (x86)\Cypress\PSoC Creator\3.1\PSoC Creator\warp\lib\common\stdlogic\lpmpkg.vif'.
Linking 'C:\Program Files (x86)\Cypress\PSoC Creator\3.1\PSoC Creator\warp\lib\common\stdlogic\rtlpkg.vif'.
Linking 'C:\Program Files (x86)\Cypress\PSoC Creator\3.1\PSoC Creator\warp\lib\common\stdlogic\mod_cnst.vif'.
Linking 'C:\Program Files (x86)\Cypress\PSoC Creator\3.1\PSoC Creator\warp\lib\common\stdlogic\mod_mthv.vif'.
Linking 'C:\Program Files (x86)\Cypress\PSoC Creator\3.1\PSoC Creator\warp\lib\common\stdlogic\mod_genv.vif'.
Linking 'C:\github\hgs\killing40s\embedded\coaster_psoc_code\USB_UART01.cydsn\codegentemp\USB_UART01.ctl'.
Linking 'C:\Program Files (x86)\Cypress\PSoC Creator\3.1\PSoC Creator\psoc\content\cyprimitives\CyPrimitives.cylib\cy_virtualmux_v1_0\cy_virtualmux_v1_0.v'.
Linking 'C:\github\hgs\killing40s\embedded\coaster_psoc_code\USB_UART01.cydsn\codegentemp\USB_UART01.v'.
Linking 'C:\Program Files (x86)\Cypress\PSoC Creator\3.1\PSoC Creator\psoc\content\cyprimitives\CyPrimitives.cylib\ZeroTerminal\ZeroTerminal.v'.
Linking 'C:\Program Files (x86)\Cypress\PSoC Creator\3.1\PSoC Creator\psoc\content\cyprimitives\CyPrimitives.cylib\cy_analog_virtualmux_v1_0\cy_analog_virtualmux_v1_0.v'.
Linking 'C:\Program Files (x86)\Cypress\PSoC Creator\3.1\PSoC Creator\psoc\content\cyprimitives\CyPrimitives.cylib\or_v1_0\or_v1_0.v'.
Linking 'C:\Program Files (x86)\Cypress\PSoC Creator\3.1\PSoC Creator\psoc\content\cycomponentlibrary\CyComponentLibrary.cylib\AMuxSeq_v1_80\AMuxSeq_v1_80.v'.
Linking 'C:\Program Files (x86)\Cypress\PSoC Creator\3.1\PSoC Creator\warp\lib\common\cypress.v'.
Linking 'C:\Program Files (x86)\Cypress\PSoC Creator\3.1\PSoC Creator\warp\lib\common\cy_psoc3_inc.v'.

tovif:  No errors.


======================================================================
Compiling:  USB_UART01.v
Program  :   topld
Options  :    -yv2 -q10 -ygs -o2 -v3 -.fftcfgtype=LE -ya -.fftprj=C:\github\hgs\killing40s\embedded\coaster_psoc_code\USB_UART01.cydsn\USB_UART01.cyprj -dcpsoc3 -verilog USB_UART01.v
======================================================================

topld V6.3 IR 41:  Synthesis and optimization
Sat Jun 27 19:20:57 2015

Linking 'C:\Program Files (x86)\Cypress\PSoC Creator\3.1\PSoC Creator\warp\lib\common\std.vhd'.
Linking 'C:\Program Files (x86)\Cypress\PSoC Creator\3.1\PSoC Creator\warp\lib\common\cypress.vhd'.
Linking 'C:\Program Files (x86)\Cypress\PSoC Creator\3.1\PSoC Creator\warp\lib\common\work\cypress.vif'.
Linking 'C:\Program Files (x86)\Cypress\PSoC Creator\3.1\PSoC Creator\warp\lib\ieee\work\stdlogic.vif'.
Linking 'C:\Program Files (x86)\Cypress\PSoC Creator\3.1\PSoC Creator\warp\lib\common\stdlogic\lpmpkg.vif'.
Linking 'C:\Program Files (x86)\Cypress\PSoC Creator\3.1\PSoC Creator\warp\lib\common\stdlogic\rtlpkg.vif'.
Linking 'C:\Program Files (x86)\Cypress\PSoC Creator\3.1\PSoC Creator\warp\lib\common\stdlogic\mod_cnst.vif'.
Linking 'C:\Program Files (x86)\Cypress\PSoC Creator\3.1\PSoC Creator\warp\lib\common\stdlogic\mod_mthv.vif'.
Linking 'C:\Program Files (x86)\Cypress\PSoC Creator\3.1\PSoC Creator\warp\lib\common\stdlogic\mod_genv.vif'.
Linking 'C:\github\hgs\killing40s\embedded\coaster_psoc_code\USB_UART01.cydsn\codegentemp\USB_UART01.ctl'.
Linking 'C:\Program Files (x86)\Cypress\PSoC Creator\3.1\PSoC Creator\psoc\content\cyprimitives\CyPrimitives.cylib\cy_virtualmux_v1_0\cy_virtualmux_v1_0.v'.
Linking 'C:\github\hgs\killing40s\embedded\coaster_psoc_code\USB_UART01.cydsn\codegentemp\USB_UART01.v'.
Linking 'C:\Program Files (x86)\Cypress\PSoC Creator\3.1\PSoC Creator\psoc\content\cyprimitives\CyPrimitives.cylib\ZeroTerminal\ZeroTerminal.v'.
Linking 'C:\Program Files (x86)\Cypress\PSoC Creator\3.1\PSoC Creator\psoc\content\cyprimitives\CyPrimitives.cylib\cy_analog_virtualmux_v1_0\cy_analog_virtualmux_v1_0.v'.
Linking 'C:\Program Files (x86)\Cypress\PSoC Creator\3.1\PSoC Creator\psoc\content\cyprimitives\CyPrimitives.cylib\or_v1_0\or_v1_0.v'.
Linking 'C:\Program Files (x86)\Cypress\PSoC Creator\3.1\PSoC Creator\psoc\content\cycomponentlibrary\CyComponentLibrary.cylib\AMuxSeq_v1_80\AMuxSeq_v1_80.v'.
Linking 'C:\Program Files (x86)\Cypress\PSoC Creator\3.1\PSoC Creator\warp\lib\common\cypress.v'.
Linking 'C:\Program Files (x86)\Cypress\PSoC Creator\3.1\PSoC Creator\warp\lib\common\cy_psoc3_inc.v'.
Linking 'C:\Program Files (x86)\Cypress\PSoC Creator\3.1\PSoC Creator\warp\lib\lcpsoc3\stdlogic\cpsoc3.vif'.

----------------------------------------------------------
Detecting unused logic.
----------------------------------------------------------
    User names
	\USBUART_1:dma_nrq_0\
	\USBUART_1:Net_1800\
	\USBUART_1:dma_nrq_3\
	\USBUART_1:Net_1803\
	\USBUART_1:Net_1801\
	\USBUART_1:dma_nrq_1\
	\USBUART_1:dma_nrq_4\
	\USBUART_1:Net_1804\
	\USBUART_1:dma_nrq_5\
	\USBUART_1:Net_1805\
	\USBUART_1:dma_nrq_6\
	\USBUART_1:Net_1806\
	\USBUART_1:dma_nrq_7\
	\USBUART_1:Net_1807\
	\USBUART_1:dma_nrq_2\
	\USBUART_1:Net_1802\
	\adc_1:Net_268\
	\adc_1:Net_270\


Deleted 18 User equations/components.
Deleted 0 Synthesized equations/components.

------------------------------------------------------
Alias Detection
------------------------------------------------------
Aliasing one to \USBUART_1:tmpOE__Dm_net_0\
Aliasing \USBUART_1:tmpOE__Dp_net_0\ to \USBUART_1:tmpOE__Dm_net_0\
Aliasing \adc_1:Net_482\ to zero
Aliasing \adc_1:Net_252\ to zero
Aliasing \adc_1:soc\ to \USBUART_1:tmpOE__Dm_net_0\
Aliasing tmpOE__v_m_1_net_0 to \USBUART_1:tmpOE__Dm_net_0\
Aliasing tmpOE__v_p_1_net_0 to \USBUART_1:tmpOE__Dm_net_0\
Aliasing tmpOE__v_p_2_net_0 to \USBUART_1:tmpOE__Dm_net_0\
Aliasing tmpOE__v_m_2_net_0 to \USBUART_1:tmpOE__Dm_net_0\
Aliasing tmpOE__button_net_0 to \USBUART_1:tmpOE__Dm_net_0\
Removing Rhs of wire one[37] = \USBUART_1:tmpOE__Dm_net_0\[31]
Removing Lhs of wire \USBUART_1:tmpOE__Dp_net_0\[40] = one[37]
Removing Rhs of wire \adc_1:Net_488\[74] = \adc_1:Net_250\[111]
Removing Lhs of wire \adc_1:Net_481\[77] = zero[32]
Removing Lhs of wire \adc_1:Net_482\[78] = zero[32]
Removing Lhs of wire \adc_1:Net_252\[113] = zero[32]
Removing Lhs of wire \adc_1:soc\[115] = one[37]
Removing Lhs of wire tmpOE__v_m_1_net_0[125] = one[37]
Removing Lhs of wire tmpOE__v_p_1_net_0[131] = one[37]
Removing Lhs of wire tmpOE__v_p_2_net_0[137] = one[37]
Removing Lhs of wire tmpOE__v_m_2_net_0[143] = one[37]
Removing Lhs of wire tmpOE__button_net_0[149] = one[37]

------------------------------------------------------
Aliased 0 equations, 12 wires.
------------------------------------------------------

----------------------------------------------------------
Circuit simplification
----------------------------------------------------------

Substituting virtuals - pass 1:


----------------------------------------------------------
Circuit simplification results:

	Expanded 0 signals.
	Turned 0 signals into soft nodes.
	Maximum default expansion cost was set at 3.
----------------------------------------------------------

topld:  No errors.

CYPRESS_DIR    : C:\Program Files (x86)\Cypress\PSoC Creator\3.1\PSoC Creator\warp
Warp Program   : C:\Program Files (x86)\Cypress\PSoC Creator\3.1\PSoC Creator\warp\bin/warp.exe
Warp Arguments : -yv2 -q10 -ygs -o2 -v3 -.fftcfgtype=LE -ya -.fftprj=C:\github\hgs\killing40s\embedded\coaster_psoc_code\USB_UART01.cydsn\USB_UART01.cyprj -dcpsoc3 USB_UART01.v -verilog
</CYPRESSTAG>
Warp synthesis phase: Elapsed time ==> 0s.704ms
<CYPRESSTAG name="Fitter results...">
<CYPRESSTAG name="Fitter startup details...">
cyp3fit: V3.1.0.2177, Family: PSoC3, Started at: Saturday, 27 June 2015 19:20:57
Options: -yv2 -q10 -ygs -o2 -v3 -.fftcfgtype=LE -ya -.fftprj=C:\github\hgs\killing40s\embedded\coaster_psoc_code\USB_UART01.cydsn\USB_UART01.cyprj -d CY8C5868AXI-LP035 USB_UART01.v -verilog
</CYPRESSTAG>
<CYPRESSTAG name="Design parsing">
Design parsing phase: Elapsed time ==> 0s.020ms
</CYPRESSTAG>
<CYPRESSTAG name="Tech mapping">
<CYPRESSTAG name="Initial Mapping" icon="FILE_RPT_TECHM">
Assigning clock USBUART_1_Clock_vbus to clock BUS_CLK because it is a pass-through
<CYPRESSTAG name="Global Clock Selection" icon="FILE_RPT_TECHM">
    Digital Clock 0: Automatic-assigning  clock 'adc_1_Ext_CP_Clk'. Fanout=1, Signal=\adc_1:Net_93\
    Analog  Clock 0: Automatic-assigning  clock 'adc_1_theACLK'. Fanout=1, Signal=\adc_1:Net_488\
</CYPRESSTAG>
<CYPRESSTAG name="UDB Clock/Enable Remapping Results">
</CYPRESSTAG>
ADD: pft.M0040: information: The following 2 pin(s) will be assigned a location by the fitter: \USBUART_1:Dm(0)\, \USBUART_1:Dp(0)\


Removing unused cells resulting from optimization
Done removing unused cells.
<CYPRESSTAG name="Duplicate Macrocell detection">
</CYPRESSTAG>
</CYPRESSTAG>
<CYPRESSTAG name="Duplicate Macrocell detection">
</CYPRESSTAG>
<CYPRESSTAG name="Design Equations" icon="FILE_RPT_EQUATION">

------------------------------------------------------------
Design Equations
------------------------------------------------------------
    <CYPRESSTAG name="Pin listing">

    ------------------------------------------------------------
    Pin listing
    ------------------------------------------------------------

    Pin : Name = \USBUART_1:Dm(0)\
        Attributes:
            In Group/Port: True
            In Sync Option: AUTO
            Out Sync Option: AUTO
            Interrupt generated: False
            Interrupt mode: NONE
            Drive mode: HI_Z_ANALOG
            VTrip: EITHER
            Slew: FAST
            Input Sync needed: False
            Output Sync needed: False
            SC shield enabled: False
            POR State: ANY
            LCD Mode: COMMON
            Register Mode: RegComb
            CaSense Mode: NEITHER
            Treat as pin: True
            Is OE Registered: False
            Uses Analog: True
            Can contain Digital: False
            Is SIO: False
            SIO Output Buf: NONREGULATED
            SIO Input Buf: SINGLE_ENDED
            SIO HiFreq: LOW
            SIO Hyst: DISABLED
            SIO Vtrip: MULTIPLIER_0_5
            SIO RefSel: VCC_IO
            Required Capabilitites: USB_D_MINUS
            Initial Value: 0
            IO Voltage: 0
        PORT MAP (
            pa_out => \USBUART_1:Dm(0)\__PA ,
            analog_term => \USBUART_1:Net_597\ ,
            pad => \USBUART_1:Dm(0)_PAD\ );

    Pin : Name = \USBUART_1:Dp(0)\
        Attributes:
            In Group/Port: True
            In Sync Option: SYNC
            Out Sync Option: AUTO
            Interrupt generated: True
            Interrupt mode: FALLING
            Drive mode: HI_Z_ANALOG
            VTrip: CMOS
            Slew: FAST
            Input Sync needed: True
            Output Sync needed: False
            SC shield enabled: False
            POR State: ANY
            LCD Mode: COMMON
            Register Mode: RegComb
            CaSense Mode: NEITHER
            Treat as pin: False
            Is OE Registered: False
            Uses Analog: True
            Can contain Digital: True
            Is SIO: False
            SIO Output Buf: NONREGULATED
            SIO Input Buf: SINGLE_ENDED
            SIO HiFreq: LOW
            SIO Hyst: DISABLED
            SIO Vtrip: MULTIPLIER_0_5
            SIO RefSel: VCC_IO
            Required Capabilitites: USB_D_PLUS
            Initial Value: 0
            IO Voltage: 0
        PORT MAP (
            pa_out => \USBUART_1:Dp(0)\__PA ,
            analog_term => \USBUART_1:Net_1000\ ,
            pad => \USBUART_1:Dp(0)_PAD\ );

    Pin : Name = button(0)
        Attributes:
            In Group/Port: True
            In Sync Option: SYNC
            Out Sync Option: AUTO
            Interrupt generated: False
            Interrupt mode: NONE
            Drive mode: RES_PULL_UP
            VTrip: CMOS
            Slew: FAST
            Input Sync needed: True
            Output Sync needed: False
            SC shield enabled: False
            POR State: ANY
            LCD Mode: COMMON
            Register Mode: RegComb
            CaSense Mode: NEITHER
            Treat as pin: True
            Is OE Registered: False
            Uses Analog: False
            Can contain Digital: True
            Is SIO: False
            SIO Output Buf: NONREGULATED
            SIO Input Buf: SINGLE_ENDED
            SIO HiFreq: LOW
            SIO Hyst: DISABLED
            SIO Vtrip: MULTIPLIER_0_5
            SIO RefSel: VCC_IO
            Required Capabilitites: DIGITAL, ROUTABLE
            Initial Value: 1
            IO Voltage: 0
        PORT MAP (
            pa_out => button(0)__PA ,
            pad => button(0)_PAD );
        Properties:
        {
        }

    Pin : Name = v_m_1(0)
        Attributes:
            In Group/Port: True
            In Sync Option: AUTO
            Out Sync Option: AUTO
            Interrupt generated: False
            Interrupt mode: NONE
            Drive mode: HI_Z_ANALOG
            VTrip: EITHER
            Slew: FAST
            Input Sync needed: False
            Output Sync needed: False
            SC shield enabled: False
            POR State: ANY
            LCD Mode: COMMON
            Register Mode: RegComb
            CaSense Mode: NEITHER
            Treat as pin: True
            Is OE Registered: False
            Uses Analog: True
            Can contain Digital: False
            Is SIO: False
            SIO Output Buf: NONREGULATED
            SIO Input Buf: SINGLE_ENDED
            SIO HiFreq: LOW
            SIO Hyst: DISABLED
            SIO Vtrip: MULTIPLIER_0_5
            SIO RefSel: VCC_IO
            Required Capabilitites: ANALOG
            Initial Value: 0
            IO Voltage: 0
        PORT MAP (
            pa_out => v_m_1(0)__PA ,
            analog_term => Net_634 ,
            pad => v_m_1(0)_PAD );
        Properties:
        {
        }

    Pin : Name = v_m_2(0)
        Attributes:
            In Group/Port: True
            In Sync Option: AUTO
            Out Sync Option: AUTO
            Interrupt generated: False
            Interrupt mode: NONE
            Drive mode: HI_Z_ANALOG
            VTrip: EITHER
            Slew: FAST
            Input Sync needed: False
            Output Sync needed: False
            SC shield enabled: False
            POR State: ANY
            LCD Mode: COMMON
            Register Mode: RegComb
            CaSense Mode: NEITHER
            Treat as pin: True
            Is OE Registered: False
            Uses Analog: True
            Can contain Digital: False
            Is SIO: False
            SIO Output Buf: NONREGULATED
            SIO Input Buf: SINGLE_ENDED
            SIO HiFreq: LOW
            SIO Hyst: DISABLED
            SIO Vtrip: MULTIPLIER_0_5
            SIO RefSel: VCC_IO
            Required Capabilitites: ANALOG
            Initial Value: 0
            IO Voltage: 0
        PORT MAP (
            pa_out => v_m_2(0)__PA ,
            analog_term => Net_642 ,
            pad => v_m_2(0)_PAD );
        Properties:
        {
        }

    Pin : Name = v_p_1(0)
        Attributes:
            In Group/Port: True
            In Sync Option: AUTO
            Out Sync Option: AUTO
            Interrupt generated: False
            Interrupt mode: NONE
            Drive mode: HI_Z_ANALOG
            VTrip: EITHER
            Slew: FAST
            Input Sync needed: False
            Output Sync needed: False
            SC shield enabled: False
            POR State: ANY
            LCD Mode: COMMON
            Register Mode: RegComb
            CaSense Mode: NEITHER
            Treat as pin: True
            Is OE Registered: False
            Uses Analog: True
            Can contain Digital: False
            Is SIO: False
            SIO Output Buf: NONREGULATED
            SIO Input Buf: SINGLE_ENDED
            SIO HiFreq: LOW
            SIO Hyst: DISABLED
            SIO Vtrip: MULTIPLIER_0_5
            SIO RefSel: VCC_IO
            Required Capabilitites: ANALOG
            Initial Value: 0
            IO Voltage: 0
        PORT MAP (
            pa_out => v_p_1(0)__PA ,
            analog_term => Net_633 ,
            pad => v_p_1(0)_PAD );
        Properties:
        {
        }

    Pin : Name = v_p_2(0)
        Attributes:
            In Group/Port: True
            In Sync Option: AUTO
            Out Sync Option: AUTO
            Interrupt generated: False
            Interrupt mode: NONE
            Drive mode: HI_Z_ANALOG
            VTrip: EITHER
            Slew: FAST
            Input Sync needed: False
            Output Sync needed: False
            SC shield enabled: False
            POR State: ANY
            LCD Mode: COMMON
            Register Mode: RegComb
            CaSense Mode: NEITHER
            Treat as pin: True
            Is OE Registered: False
            Uses Analog: True
            Can contain Digital: False
            Is SIO: False
            SIO Output Buf: NONREGULATED
            SIO Input Buf: SINGLE_ENDED
            SIO HiFreq: LOW
            SIO Hyst: DISABLED
            SIO Vtrip: MULTIPLIER_0_5
            SIO RefSel: VCC_IO
            Required Capabilitites: ANALOG
            Initial Value: 0
            IO Voltage: 0
        PORT MAP (
            pa_out => v_p_2(0)__PA ,
            analog_term => Net_641 ,
            pad => v_p_2(0)_PAD );
        Properties:
        {
        }
    </CYPRESSTAG>
    <CYPRESSTAG name="Macrocell listing" icon="FILE_RPT_EQUATION">

    ------------------------------------------------------------
    Macrocell listing
    ------------------------------------------------------------

    MacroCell: Name=__ONE__, Mode=(Combinatorial)
        Total # of inputs        : 0
        Total # of product terms : 0
            Clock Enable: True
        Main Equation            : 0 pterms
        !(
            0
        );
        Output = __ONE__ (fanout=1)
    </CYPRESSTAG>
    <CYPRESSTAG name="Datapath listing">
    </CYPRESSTAG>
    <CYPRESSTAG name="Status register listing">
    </CYPRESSTAG>
    <CYPRESSTAG name="StatusI register listing">
    </CYPRESSTAG>
    <CYPRESSTAG name="Sync listing">
    </CYPRESSTAG>
    <CYPRESSTAG name="Control register listing">
    </CYPRESSTAG>
    <CYPRESSTAG name="Count7 listing">
    </CYPRESSTAG>
    <CYPRESSTAG name="DRQ listing">
    </CYPRESSTAG>
    <CYPRESSTAG name="Interrupt listing">

    ------------------------------------------------------------
    Interrupt listing
    ------------------------------------------------------------

    interrupt: Name =\USBUART_1:arb_int\
        PORT MAP (
            interrupt => \USBUART_1:Net_79\ );
        Properties:
        {
            int_type = "10"
        }

    interrupt: Name =\USBUART_1:bus_reset\
        PORT MAP (
            interrupt => \USBUART_1:Net_81\ );
        Properties:
        {
            int_type = "10"
        }

    interrupt: Name =\USBUART_1:dp_int\
        PORT MAP (
            interrupt => \USBUART_1:Net_1010\ );
        Properties:
        {
            int_type = "10"
        }

    interrupt: Name =\USBUART_1:ep_0\
        PORT MAP (
            interrupt => \USBUART_1:ept_int_0\ );
        Properties:
        {
            int_type = "10"
        }

    interrupt: Name =\USBUART_1:ep_1\
        PORT MAP (
            interrupt => \USBUART_1:ept_int_1\ );
        Properties:
        {
            int_type = "10"
        }

    interrupt: Name =\USBUART_1:ep_2\
        PORT MAP (
            interrupt => \USBUART_1:ept_int_2\ );
        Properties:
        {
            int_type = "10"
        }

    interrupt: Name =\USBUART_1:ep_3\
        PORT MAP (
            interrupt => \USBUART_1:ept_int_3\ );
        Properties:
        {
            int_type = "10"
        }

    interrupt: Name =\USBUART_1:ord_int\
        PORT MAP (
            interrupt => \USBUART_1:Net_95\ );
        Properties:
        {
            int_type = "10"
        }

    interrupt: Name =\USBUART_1:sof_int\
        PORT MAP (
            interrupt => Net_55 );
        Properties:
        {
            int_type = "10"
        }

    interrupt: Name =\adc_1:IRQ\
        PORT MAP (
            interrupt => Net_612 );
        Properties:
        {
            int_type = "10"
        }
    </CYPRESSTAG>
</CYPRESSTAG>
<CYPRESSTAG name="Technology mapping summary" expanded>

------------------------------------------------------------
Technology mapping summary
------------------------------------------------------------

Resource Type                 : Used : Free :  Max :  % Used
============================================================
Digital clock dividers        :    1 :    7 :    8 :  12.50%
Analog clock dividers         :    1 :    3 :    4 :  25.00%
Pins                          :   11 :   61 :   72 :  15.28%
UDB Macrocells                :    1 :  191 :  192 :   0.52%
UDB Unique Pterms             :    0 :  384 :  384 :   0.00%
UDB Datapath Cells            :    0 :   24 :   24 :   0.00%
UDB Status Cells              :    0 :   24 :   24 :   0.00%
UDB Control Cells             :    0 :   24 :   24 :   0.00%
DMA Channels                  :    0 :   24 :   24 :   0.00%
Interrupts                    :   10 :   22 :   32 :  31.25%
DSM Fixed Blocks              :    1 :    0 :    1 : 100.00%
VIDAC Fixed Blocks            :    0 :    4 :    4 :   0.00%
SC Fixed Blocks               :    0 :    4 :    4 :   0.00%
Comparator Fixed Blocks       :    0 :    4 :    4 :   0.00%
Opamp Fixed Blocks            :    0 :    4 :    4 :   0.00%
CapSense Buffers              :    0 :    2 :    2 :   0.00%
CAN Fixed Blocks              :    0 :    1 :    1 :   0.00%
Decimator Fixed Blocks        :    1 :    0 :    1 : 100.00%
I2C Fixed Blocks              :    0 :    1 :    1 :   0.00%
Timer Fixed Blocks            :    0 :    4 :    4 :   0.00%
DFB Fixed Blocks              :    0 :    1 :    1 :   0.00%
USB Fixed Blocks              :    1 :    0 :    1 : 100.00%
LCD Fixed Blocks              :    0 :    1 :    1 :   0.00%
EMIF Fixed Blocks             :    0 :    1 :    1 :   0.00%
LPF Fixed Blocks              :    0 :    2 :    2 :   0.00%
SAR Fixed Blocks              :    0 :    2 :    2 :   0.00%
</CYPRESSTAG>
Technology Mapping: Elapsed time ==> 0s.805ms
Tech mapping phase: Elapsed time ==> 0s.960ms
</CYPRESSTAG>
<CYPRESSTAG name="Analog Placement">
Initial Analog Placement Results:
IO_7@[IOP=(4)][IoId=(7)] : button(0) (fixed)
IO_1@[IOP=(3)][IoId=(1)] : v_m_1(0) (fixed)
IO_4@[IOP=(3)][IoId=(4)] : v_m_2(0) (fixed)
IO_0@[IOP=(3)][IoId=(0)] : v_p_1(0) (fixed)
IO_3@[IOP=(3)][IoId=(3)] : v_p_2(0) (fixed)
IO_7@[IOP=(15)][IoId=(7)] : \USBUART_1:Dm(0)\ (fixed)
IO_6@[IOP=(15)][IoId=(6)] : \USBUART_1:Dp(0)\ (fixed)
USB[0]@[FFB(USB,0)] : \USBUART_1:USB\
DSM[0]@[FFB(DSM,0)] : \adc_1:DSM\
Analog Placement Results:
IO_7@[IOP=(4)][IoId=(7)] : button(0) (fixed)
IO_1@[IOP=(3)][IoId=(1)] : v_m_1(0) (fixed)
IO_4@[IOP=(3)][IoId=(4)] : v_m_2(0) (fixed)
IO_0@[IOP=(3)][IoId=(0)] : v_p_1(0) (fixed)
IO_3@[IOP=(3)][IoId=(3)] : v_p_2(0) (fixed)
IO_7@[IOP=(15)][IoId=(7)] : \USBUART_1:Dm(0)\ (fixed)
IO_6@[IOP=(15)][IoId=(6)] : \USBUART_1:Dp(0)\ (fixed)
USB[0]@[FFB(USB,0)] : \USBUART_1:USB\
DSM[0]@[FFB(DSM,0)] : \adc_1:DSM\

Analog Placement phase: Elapsed time ==> 0s.059ms
</CYPRESSTAG>
<CYPRESSTAG name="Analog Routing">
Net "AmuxEye::AMuxSeq_1_CYAMUXSIDE_A" overuses wire "AGR[4]"
Net "AmuxEye::AMuxSeq_1_CYAMUXSIDE_B" overuses wire "AGR[4]"
Net "AmuxEye::AMuxSeq_1_CYAMUXSIDE_A" overuses wire "AGR[4]"
Net "AmuxEye::AMuxSeq_1_CYAMUXSIDE_B" overuses wire "AGR[4]"
Analog Routing phase: Elapsed time ==> 0s.068ms
</CYPRESSTAG>
<CYPRESSTAG name="Analog Code Generation">
============ Analog Final Answer Routes ============
Dump of CyAnalogRoutingResultsDB
Map of net to items {
  Net: Net_609 {
    dsm_0_vplus
  }
  Net: Net_633 {
    p3_0
  }
  Net: Net_641 {
    p3_3
  }
  Net: \adc_1:Net_520\ {
    dsm_0_vminus
  }
  Net: Net_634 {
    p3_1
  }
  Net: Net_642 {
    p3_4
  }
  Net: \adc_1:Net_573\ {
  }
  Net: \adc_1:Net_41\ {
  }
  Net: \adc_1:Net_109\ {
  }
  Net: \adc_1:Net_677\ {
  }
  Net: AmuxNet::AMuxSeq_1_CYAMUXSIDE_A {
    dsm_0_vplus
    agl1_x_dsm_0_vplus
    agl1
    agl1_x_agr1
    agr1
    agr1_x_vidac_1_iout
    vidac_1_iout
    p3_0_x_vidac_1_iout
    agl7_x_dsm_0_vplus
    agl7
    agl7_x_agr7
    agr7
    agr7_x_p3_3
    p3_0
    p3_3
  }
  Net: AmuxNet::AMuxSeq_1_CYAMUXSIDE_B {
    dsm_0_vminus
    agl5_x_dsm_0_vminus
    agl5
    agl5_x_vidac_2_iout
    vidac_2_iout
    agl4_x_vidac_2_iout
    agl4
    agl4_x_agr4
    agr4
    agr4_x_p3_4
    agl5_x_agr5
    agr5
    agr5_x_p3_1
    p3_4
    p3_1
  }
}
Map of item to net {
  dsm_0_vplus                                      -> Net_609
  p3_0                                             -> Net_633
  p3_3                                             -> Net_641
  dsm_0_vminus                                     -> \adc_1:Net_520\
  p3_1                                             -> Net_634
  p3_4                                             -> Net_642
  agl1_x_dsm_0_vplus                               -> AmuxNet::AMuxSeq_1_CYAMUXSIDE_A
  agl1                                             -> AmuxNet::AMuxSeq_1_CYAMUXSIDE_A
  agl1_x_agr1                                      -> AmuxNet::AMuxSeq_1_CYAMUXSIDE_A
  agr1                                             -> AmuxNet::AMuxSeq_1_CYAMUXSIDE_A
  agr1_x_vidac_1_iout                              -> AmuxNet::AMuxSeq_1_CYAMUXSIDE_A
  vidac_1_iout                                     -> AmuxNet::AMuxSeq_1_CYAMUXSIDE_A
  p3_0_x_vidac_1_iout                              -> AmuxNet::AMuxSeq_1_CYAMUXSIDE_A
  agl7_x_dsm_0_vplus                               -> AmuxNet::AMuxSeq_1_CYAMUXSIDE_A
  agl7                                             -> AmuxNet::AMuxSeq_1_CYAMUXSIDE_A
  agl7_x_agr7                                      -> AmuxNet::AMuxSeq_1_CYAMUXSIDE_A
  agr7                                             -> AmuxNet::AMuxSeq_1_CYAMUXSIDE_A
  agr7_x_p3_3                                      -> AmuxNet::AMuxSeq_1_CYAMUXSIDE_A
  agl5_x_dsm_0_vminus                              -> AmuxNet::AMuxSeq_1_CYAMUXSIDE_B
  agl5                                             -> AmuxNet::AMuxSeq_1_CYAMUXSIDE_B
  agl5_x_vidac_2_iout                              -> AmuxNet::AMuxSeq_1_CYAMUXSIDE_B
  vidac_2_iout                                     -> AmuxNet::AMuxSeq_1_CYAMUXSIDE_B
  agl4_x_vidac_2_iout                              -> AmuxNet::AMuxSeq_1_CYAMUXSIDE_B
  agl4                                             -> AmuxNet::AMuxSeq_1_CYAMUXSIDE_B
  agl4_x_agr4                                      -> AmuxNet::AMuxSeq_1_CYAMUXSIDE_B
  agr4                                             -> AmuxNet::AMuxSeq_1_CYAMUXSIDE_B
  agr4_x_p3_4                                      -> AmuxNet::AMuxSeq_1_CYAMUXSIDE_B
  agl5_x_agr5                                      -> AmuxNet::AMuxSeq_1_CYAMUXSIDE_B
  agr5                                             -> AmuxNet::AMuxSeq_1_CYAMUXSIDE_B
  agr5_x_p3_1                                      -> AmuxNet::AMuxSeq_1_CYAMUXSIDE_B
}
Mux Info {
  Mux: AMuxSeq_1_CYAMUXSIDE_A {
     Mouth: Net_609
     Guts:  AmuxNet::AMuxSeq_1_CYAMUXSIDE_A
     IsSingleSwitching: False
     IsStaticSwitching: True
     IsAtMostOneSwitch: True
    Arm: 0 {
      Net:   Net_633
      Outer: p3_0_x_vidac_1_iout
      Inner: agl1_x_dsm_0_vplus
      Path {
        p3_0
        p3_0_x_vidac_1_iout
        vidac_1_iout
        agr1_x_vidac_1_iout
        agr1
        agl1_x_agr1
        agl1
        agl1_x_dsm_0_vplus
        dsm_0_vplus
      }
    }
    Arm: 1 {
      Net:   Net_641
      Outer: agr7_x_p3_3
      Inner: agl7_x_dsm_0_vplus
      Path {
        p3_3
        agr7_x_p3_3
        agr7
        agl7_x_agr7
        agl7
        agl7_x_dsm_0_vplus
        dsm_0_vplus
      }
    }
  }
  Mux: AMuxSeq_1_CYAMUXSIDE_B {
     Mouth: \adc_1:Net_520\
     Guts:  AmuxNet::AMuxSeq_1_CYAMUXSIDE_B
     IsSingleSwitching: False
     IsStaticSwitching: True
     IsAtMostOneSwitch: True
    Arm: 0 {
      Net:   Net_634
      Outer: agr5_x_p3_1
      Inner: agl5_x_agr5
      Path {
        p3_1
        agr5_x_p3_1
        agr5
        agl5_x_agr5
        agl5
        agl5_x_dsm_0_vminus
        dsm_0_vminus
      }
    }
    Arm: 1 {
      Net:   Net_642
      Outer: agr4_x_p3_4
      Inner: agl5_x_vidac_2_iout
      Path {
        p3_4
        agr4_x_p3_4
        agr4
        agl4_x_agr4
        agl4
        agl4_x_vidac_2_iout
        vidac_2_iout
        agl5_x_vidac_2_iout
        agl5
        agl5_x_dsm_0_vminus
        dsm_0_vminus
      }
    }
  }
}
Dump of CyP35AnalogRoutingResultsDB
IsVddaHalfUsedForComp = False
IsVddaHalfUsedForSar0 = False
IsVddaHalfUsedForSar1 = False
Analog Code Generation phase: Elapsed time ==> 0s.562ms
</CYPRESSTAG>
<CYPRESSTAG name="Digital Placement">
<CYPRESSTAG name="Detailed placement messages">
I2659: No Constrained paths were found. The placer will run in non-timing driven mode.
I2076: Total run-time: 0.7 sec.

</CYPRESSTAG>
<CYPRESSTAG name="PLD Packing">
<CYPRESSTAG name="PLD Packing Summary" expanded>

------------------------------------------------------------
PLD Packing Summary
------------------------------------------------------------
            Resource Type : Used : Free :  Max :  % Used
    ====================================================
                     PLDs :    1 :   47 :   48 :   2.08%

<CYPRESSTAG name="PLD Statistics">

        PLD Resource Type :     Average/LAB
    =======================================
                   Inputs :            0.00
                   Pterms :            0.00
               Macrocells :            1.00
</CYPRESSTAG>
<CYPRESSTAG name="Packed PLD Contents">
Packed PLD Contents not displayed at this verbose level.</CYPRESSTAG>
</CYPRESSTAG>
PLD Packing: Elapsed time ==> 0s.001ms
</CYPRESSTAG>
<CYPRESSTAG name="Partitioning">
<CYPRESSTAG name="Initial Partitioning Summary">
Initial Partitioning Summary not displayed at this verbose level.</CYPRESSTAG>
<CYPRESSTAG name="Final Partitioning Summary">
Final Partitioning Summary not displayed at this verbose level.</CYPRESSTAG>
Partitioning: Elapsed time ==> 0s.032ms
</CYPRESSTAG>
<CYPRESSTAG name="Simulated Annealing">
Annealing: Elapsed time ==> 0s.003ms
<CYPRESSTAG name="Simulated Annealing Results">
The seed used for moves was 114161200.
Inital cost was 174, final cost is 174 (0.00% improvement).</CYPRESSTAG>
</CYPRESSTAG>
<CYPRESSTAG name="Final Placement Summary">

------------------------------------------------------------
Final Placement Summary
------------------------------------------------------------

       Resource Type :      Count : Avg Inputs : Avg Outputs
    ========================================================
                 UDB :          1 :       0.00 :       1.00
<CYPRESSTAG name="Final Placement Details">
<CYPRESSTAG name="Component Details">

------------------------------------------------------------
Component Placement Details
------------------------------------------------------------
UDB [UDB=(0,0)] is empty.
UDB [UDB=(0,1)] is empty.
UDB [UDB=(0,2)] is empty.
UDB [UDB=(0,3)] is empty.
UDB [UDB=(0,4)] is empty.
UDB [UDB=(0,5)] is empty.
UDB [UDB=(1,0)] is empty.
UDB [UDB=(1,1)] is empty.
UDB [UDB=(1,2)] is empty.
UDB [UDB=(1,3)] contents:
LAB@[UDB=(1,3)][LB=0] #macrocells=1, #inputs=0, #pterms=0
{
    [McSlotId=0]:     MacroCell: Name=__ONE__, Mode=(Combinatorial) @ [UDB=(1,3)][LB=0][MC=0]
        Total # of inputs        : 0
        Total # of product terms : 0
            Clock Enable: True
        Main Equation            : 0 pterms
        !(
            0
        );
        Output = __ONE__ (fanout=1)
        Properties               : 
        {
        }

    [McSlotId=1]: (empty)
    [McSlotId=2]: (empty)
    [McSlotId=3]: (empty)
}

UDB [UDB=(1,4)] is empty.
UDB [UDB=(1,5)] is empty.
UDB [UDB=(2,0)] is empty.
UDB [UDB=(2,1)] is empty.
UDB [UDB=(2,2)] is empty.
UDB [UDB=(2,3)] is empty.
UDB [UDB=(2,4)] is empty.
UDB [UDB=(2,5)] is empty.
UDB [UDB=(3,0)] is empty.
UDB [UDB=(3,1)] is empty.
UDB [UDB=(3,2)] is empty.
UDB [UDB=(3,3)] is empty.
UDB [UDB=(3,4)] is empty.
UDB [UDB=(3,5)] is empty.
Intr hod @ [IntrHod=(0)]: 
  Intr@ [IntrHod=(0)][IntrId=(0)] 
    interrupt: Name =\USBUART_1:ep_1\
        PORT MAP (
            interrupt => \USBUART_1:ept_int_1\ );
        Properties:
        {
            int_type = "10"
        }
  Intr@ [IntrHod=(0)][IntrId=(1)] 
    interrupt: Name =\USBUART_1:ep_2\
        PORT MAP (
            interrupt => \USBUART_1:ept_int_2\ );
        Properties:
        {
            int_type = "10"
        }
  Intr@ [IntrHod=(0)][IntrId=(2)] 
    interrupt: Name =\USBUART_1:ep_3\
        PORT MAP (
            interrupt => \USBUART_1:ept_int_3\ );
        Properties:
        {
            int_type = "10"
        }
  Intr@ [IntrHod=(0)][IntrId=(12)] 
    interrupt: Name =\USBUART_1:dp_int\
        PORT MAP (
            interrupt => \USBUART_1:Net_1010\ );
        Properties:
        {
            int_type = "10"
        }
  Intr@ [IntrHod=(0)][IntrId=(21)] 
    interrupt: Name =\USBUART_1:sof_int\
        PORT MAP (
            interrupt => Net_55 );
        Properties:
        {
            int_type = "10"
        }
  Intr@ [IntrHod=(0)][IntrId=(22)] 
    interrupt: Name =\USBUART_1:arb_int\
        PORT MAP (
            interrupt => \USBUART_1:Net_79\ );
        Properties:
        {
            int_type = "10"
        }
  Intr@ [IntrHod=(0)][IntrId=(23)] 
    interrupt: Name =\USBUART_1:bus_reset\
        PORT MAP (
            interrupt => \USBUART_1:Net_81\ );
        Properties:
        {
            int_type = "10"
        }
  Intr@ [IntrHod=(0)][IntrId=(24)] 
    interrupt: Name =\USBUART_1:ep_0\
        PORT MAP (
            interrupt => \USBUART_1:ept_int_0\ );
        Properties:
        {
            int_type = "10"
        }
  Intr@ [IntrHod=(0)][IntrId=(25)] 
    interrupt: Name =\USBUART_1:ord_int\
        PORT MAP (
            interrupt => \USBUART_1:Net_95\ );
        Properties:
        {
            int_type = "10"
        }
  Intr@ [IntrHod=(0)][IntrId=(29)] 
    interrupt: Name =\adc_1:IRQ\
        PORT MAP (
            interrupt => Net_612 );
        Properties:
        {
            int_type = "10"
        }
Drq hod @ [DrqHod=(0)]: empty
Port 0 is empty
Port 1 is empty
Port 2 is empty
Port 3 contains the following IO cells:
[IoId=0]: 
Pin : Name = v_p_1(0)
    Attributes:
        In Group/Port: True
        In Sync Option: AUTO
        Out Sync Option: AUTO
        Interrupt generated: False
        Interrupt mode: NONE
        Drive mode: HI_Z_ANALOG
        VTrip: EITHER
        Slew: FAST
        Input Sync needed: False
        Output Sync needed: False
        SC shield enabled: False
        POR State: ANY
        LCD Mode: COMMON
        Register Mode: RegComb
        CaSense Mode: NEITHER
        Treat as pin: True
        Is OE Registered: False
        Uses Analog: True
        Can contain Digital: False
        Is SIO: False
        SIO Output Buf: NONREGULATED
        SIO Input Buf: SINGLE_ENDED
        SIO HiFreq: LOW
        SIO Hyst: DISABLED
        SIO Vtrip: MULTIPLIER_0_5
        SIO RefSel: VCC_IO
        Required Capabilitites: ANALOG
        Initial Value: 0
        IO Voltage: 0
    PORT MAP (
        pa_out => v_p_1(0)__PA ,
        analog_term => Net_633 ,
        pad => v_p_1(0)_PAD );
    Properties:
    {
    }

[IoId=1]: 
Pin : Name = v_m_1(0)
    Attributes:
        In Group/Port: True
        In Sync Option: AUTO
        Out Sync Option: AUTO
        Interrupt generated: False
        Interrupt mode: NONE
        Drive mode: HI_Z_ANALOG
        VTrip: EITHER
        Slew: FAST
        Input Sync needed: False
        Output Sync needed: False
        SC shield enabled: False
        POR State: ANY
        LCD Mode: COMMON
        Register Mode: RegComb
        CaSense Mode: NEITHER
        Treat as pin: True
        Is OE Registered: False
        Uses Analog: True
        Can contain Digital: False
        Is SIO: False
        SIO Output Buf: NONREGULATED
        SIO Input Buf: SINGLE_ENDED
        SIO HiFreq: LOW
        SIO Hyst: DISABLED
        SIO Vtrip: MULTIPLIER_0_5
        SIO RefSel: VCC_IO
        Required Capabilitites: ANALOG
        Initial Value: 0
        IO Voltage: 0
    PORT MAP (
        pa_out => v_m_1(0)__PA ,
        analog_term => Net_634 ,
        pad => v_m_1(0)_PAD );
    Properties:
    {
    }

[IoId=3]: 
Pin : Name = v_p_2(0)
    Attributes:
        In Group/Port: True
        In Sync Option: AUTO
        Out Sync Option: AUTO
        Interrupt generated: False
        Interrupt mode: NONE
        Drive mode: HI_Z_ANALOG
        VTrip: EITHER
        Slew: FAST
        Input Sync needed: False
        Output Sync needed: False
        SC shield enabled: False
        POR State: ANY
        LCD Mode: COMMON
        Register Mode: RegComb
        CaSense Mode: NEITHER
        Treat as pin: True
        Is OE Registered: False
        Uses Analog: True
        Can contain Digital: False
        Is SIO: False
        SIO Output Buf: NONREGULATED
        SIO Input Buf: SINGLE_ENDED
        SIO HiFreq: LOW
        SIO Hyst: DISABLED
        SIO Vtrip: MULTIPLIER_0_5
        SIO RefSel: VCC_IO
        Required Capabilitites: ANALOG
        Initial Value: 0
        IO Voltage: 0
    PORT MAP (
        pa_out => v_p_2(0)__PA ,
        analog_term => Net_641 ,
        pad => v_p_2(0)_PAD );
    Properties:
    {
    }

[IoId=4]: 
Pin : Name = v_m_2(0)
    Attributes:
        In Group/Port: True
        In Sync Option: AUTO
        Out Sync Option: AUTO
        Interrupt generated: False
        Interrupt mode: NONE
        Drive mode: HI_Z_ANALOG
        VTrip: EITHER
        Slew: FAST
        Input Sync needed: False
        Output Sync needed: False
        SC shield enabled: False
        POR State: ANY
        LCD Mode: COMMON
        Register Mode: RegComb
        CaSense Mode: NEITHER
        Treat as pin: True
        Is OE Registered: False
        Uses Analog: True
        Can contain Digital: False
        Is SIO: False
        SIO Output Buf: NONREGULATED
        SIO Input Buf: SINGLE_ENDED
        SIO HiFreq: LOW
        SIO Hyst: DISABLED
        SIO Vtrip: MULTIPLIER_0_5
        SIO RefSel: VCC_IO
        Required Capabilitites: ANALOG
        Initial Value: 0
        IO Voltage: 0
    PORT MAP (
        pa_out => v_m_2(0)__PA ,
        analog_term => Net_642 ,
        pad => v_m_2(0)_PAD );
    Properties:
    {
    }

Port 4 contains the following IO cells:
[IoId=7]: 
Pin : Name = button(0)
    Attributes:
        In Group/Port: True
        In Sync Option: SYNC
        Out Sync Option: AUTO
        Interrupt generated: False
        Interrupt mode: NONE
        Drive mode: RES_PULL_UP
        VTrip: CMOS
        Slew: FAST
        Input Sync needed: True
        Output Sync needed: False
        SC shield enabled: False
        POR State: ANY
        LCD Mode: COMMON
        Register Mode: RegComb
        CaSense Mode: NEITHER
        Treat as pin: True
        Is OE Registered: False
        Uses Analog: False
        Can contain Digital: True
        Is SIO: False
        SIO Output Buf: NONREGULATED
        SIO Input Buf: SINGLE_ENDED
        SIO HiFreq: LOW
        SIO Hyst: DISABLED
        SIO Vtrip: MULTIPLIER_0_5
        SIO RefSel: VCC_IO
        Required Capabilitites: DIGITAL, ROUTABLE
        Initial Value: 1
        IO Voltage: 0
    PORT MAP (
        pa_out => button(0)__PA ,
        pad => button(0)_PAD );
    Properties:
    {
    }

Port 5 is empty
Port 6 is empty
Port 12 is empty
Port 15 generates interrupt for logical port:
    logicalport: Name =\USBUART_1:Dp\
        PORT MAP (
            in_clock_en => one ,
            in_reset => zero ,
            out_clock_en => one ,
            out_reset => zero ,
            interrupt => \USBUART_1:Net_1010\ ,
            in_clock => ClockBlock_BUS_CLK );
        Properties:
        {
            drive_mode = "000"
            ibuf_enabled = "0"
            id = "c39ef993-d787-4c0c-8ad6-c0c81f866442/618a72fc-5ddd-4df5-958f-a3d55102db42"
            init_dr_st = "0"
            input_buffer_sel = ""
            input_clk_en = 0
            input_sync = "1"
            input_sync_mode = "0"
            intr_mode = "10"
            invert_in_clock = 0
            invert_in_clock_en = 0
            invert_in_reset = 0
            invert_out_clock = 0
            invert_out_clock_en = 0
            invert_out_reset = 0
            io_voltage = ""
            layout_mode = "CONTIGUOUS"
            oe_conn = "0"
            oe_reset = 0
            oe_sync = "0"
            output_clk_en = 0
            output_clock_mode = "0"
            output_conn = "0"
            output_mode = "0"
            output_reset = 0
            output_sync = "0"
            ovt_hyst_trim = ""
            ovt_needed = ""
            ovt_slew_control = ""
            pa_in_clock = -1
            pa_in_clock_en = -1
            pa_in_reset = -1
            pa_out_clock = -1
            pa_out_clock_en = -1
            pa_out_reset = -1
            pin_aliases = ""
            pin_mode = "I"
            por_state = 4
            port_alias_group = ""
            port_alias_required = 0
            sio_group_cnt = 0
            sio_hifreq = ""
            sio_hyst = "0"
            sio_ibuf = "00000000"
            sio_info = "00"
            sio_obuf = "00000000"
            sio_refsel = "00000000"
            sio_vtrip = "00000000"
            slew_rate = "0"
            spanning = 0
            sw_only = 0
            use_annotation = "0"
            vtrip = "00"
            width = 1
        }
    and contains the following IO cells:
[IoId=6]: 
Pin : Name = \USBUART_1:Dp(0)\
    Attributes:
        In Group/Port: True
        In Sync Option: SYNC
        Out Sync Option: AUTO
        Interrupt generated: True
        Interrupt mode: FALLING
        Drive mode: HI_Z_ANALOG
        VTrip: CMOS
        Slew: FAST
        Input Sync needed: True
        Output Sync needed: False
        SC shield enabled: False
        POR State: ANY
        LCD Mode: COMMON
        Register Mode: RegComb
        CaSense Mode: NEITHER
        Treat as pin: False
        Is OE Registered: False
        Uses Analog: True
        Can contain Digital: True
        Is SIO: False
        SIO Output Buf: NONREGULATED
        SIO Input Buf: SINGLE_ENDED
        SIO HiFreq: LOW
        SIO Hyst: DISABLED
        SIO Vtrip: MULTIPLIER_0_5
        SIO RefSel: VCC_IO
        Required Capabilitites: USB_D_PLUS
        Initial Value: 0
        IO Voltage: 0
    PORT MAP (
        pa_out => \USBUART_1:Dp(0)\__PA ,
        analog_term => \USBUART_1:Net_1000\ ,
        pad => \USBUART_1:Dp(0)_PAD\ );
    Properties:
    {
    }

[IoId=7]: 
Pin : Name = \USBUART_1:Dm(0)\
    Attributes:
        In Group/Port: True
        In Sync Option: AUTO
        Out Sync Option: AUTO
        Interrupt generated: False
        Interrupt mode: NONE
        Drive mode: HI_Z_ANALOG
        VTrip: EITHER
        Slew: FAST
        Input Sync needed: False
        Output Sync needed: False
        SC shield enabled: False
        POR State: ANY
        LCD Mode: COMMON
        Register Mode: RegComb
        CaSense Mode: NEITHER
        Treat as pin: True
        Is OE Registered: False
        Uses Analog: True
        Can contain Digital: False
        Is SIO: False
        SIO Output Buf: NONREGULATED
        SIO Input Buf: SINGLE_ENDED
        SIO HiFreq: LOW
        SIO Hyst: DISABLED
        SIO Vtrip: MULTIPLIER_0_5
        SIO RefSel: VCC_IO
        Required Capabilitites: USB_D_MINUS
        Initial Value: 0
        IO Voltage: 0
    PORT MAP (
        pa_out => \USBUART_1:Dm(0)\__PA ,
        analog_term => \USBUART_1:Net_597\ ,
        pad => \USBUART_1:Dm(0)_PAD\ );
    Properties:
    {
    }

CAN Fixed Block group 0: empty
Cache group 0: empty
CapSense group 0: empty
Clock group 0: 
    Clock Block @ [FFB(Clock,0)]: 
    clockblockcell: Name =ClockBlock
        PORT MAP (
            clk_bus_glb => ClockBlock_BUS_CLK ,
            clk_bus => ClockBlock_BUS_CLK_local ,
            clk_sync => ClockBlock_MASTER_CLK ,
            clk_32k_xtal => ClockBlock_XTAL 32kHz ,
            xtal => ClockBlock_XTAL ,
            ilo => ClockBlock_ILO ,
            clk_100k => ClockBlock_100k ,
            clk_1k => ClockBlock_1k ,
            clk_32k => ClockBlock_32k ,
            pllout => ClockBlock_PLL_OUT ,
            imo => ClockBlock_IMO ,
            dclk_glb_0 => \adc_1:Net_93\ ,
            dclk_0 => \adc_1:Net_93_local\ ,
            aclk_glb_0 => \adc_1:Net_488\ ,
            aclk_0 => \adc_1:Net_488_local\ ,
            clk_a_dig_glb_0 => \adc_1:Net_488_adig\ ,
            clk_a_dig_0 => \adc_1:Net_488_adig_local\ );
        Properties:
        {
        }
Comparator Fixed Block group 0: empty
DFB Fixed Block group 0: empty
DSM Fixed Block group 0: 
    DS Modulator @ [FFB(DSM,0)]: 
    dsmodcell: Name =\adc_1:DSM\
        PORT MAP (
            aclock => \adc_1:Net_488\ ,
            vplus => Net_609 ,
            vminus => \adc_1:Net_520\ ,
            reset_dec => \adc_1:mod_reset\ ,
            extclk_cp_udb => \adc_1:Net_93_local\ ,
            ext_pin_1 => \adc_1:Net_573\ ,
            ext_pin_2 => \adc_1:Net_41\ ,
            ext_vssa => \adc_1:Net_109\ ,
            qtz_ref => \adc_1:Net_677\ ,
            dec_clock => \adc_1:aclock\ ,
            mod_dat_3 => \adc_1:mod_dat_3\ ,
            mod_dat_2 => \adc_1:mod_dat_2\ ,
            mod_dat_1 => \adc_1:mod_dat_1\ ,
            mod_dat_0 => \adc_1:mod_dat_0\ ,
            dout_udb_7 => \adc_1:Net_245_7\ ,
            dout_udb_6 => \adc_1:Net_245_6\ ,
            dout_udb_5 => \adc_1:Net_245_5\ ,
            dout_udb_4 => \adc_1:Net_245_4\ ,
            dout_udb_3 => \adc_1:Net_245_3\ ,
            dout_udb_2 => \adc_1:Net_245_2\ ,
            dout_udb_1 => \adc_1:Net_245_1\ ,
            dout_udb_0 => \adc_1:Net_245_0\ );
        Properties:
        {
            cy_registers = ""
            resolution = 14
        }
Decimator Fixed Block group 0: 
    Decimator Block @ [FFB(Decimator,0)]: 
    decimatorcell: Name =\adc_1:DEC\
        PORT MAP (
            aclock => \adc_1:aclock\ ,
            mod_dat_3 => \adc_1:mod_dat_3\ ,
            mod_dat_2 => \adc_1:mod_dat_2\ ,
            mod_dat_1 => \adc_1:mod_dat_1\ ,
            mod_dat_0 => \adc_1:mod_dat_0\ ,
            ext_start => __ONE__ ,
            modrst => \adc_1:mod_reset\ ,
            interrupt => Net_612 );
        Properties:
        {
            cy_registers = ""
        }
EMIF Fixed Block group 0: empty
I2C Fixed Block group 0: empty
LCD Fixed Block group 0: empty
LVD group 0: empty
PM group 0: empty
SC Fixed Block group 0: empty
SPC group 0: empty
Timer Fixed Block group 0: empty
USB Fixed Block group 0: 
    USB Block @ [FFB(USB,0)]: 
    usbcell: Name =\USBUART_1:USB\
        PORT MAP (
            dp => \USBUART_1:Net_1000\ ,
            dm => \USBUART_1:Net_597\ ,
            sof_int => Net_55 ,
            arb_int => \USBUART_1:Net_79\ ,
            usb_int => \USBUART_1:Net_81\ ,
            ept_int_8 => \USBUART_1:ept_int_8\ ,
            ept_int_7 => \USBUART_1:ept_int_7\ ,
            ept_int_6 => \USBUART_1:ept_int_6\ ,
            ept_int_5 => \USBUART_1:ept_int_5\ ,
            ept_int_4 => \USBUART_1:ept_int_4\ ,
            ept_int_3 => \USBUART_1:ept_int_3\ ,
            ept_int_2 => \USBUART_1:ept_int_2\ ,
            ept_int_1 => \USBUART_1:ept_int_1\ ,
            ept_int_0 => \USBUART_1:ept_int_0\ ,
            ord_int => \USBUART_1:Net_95\ ,
            dma_req_7 => \USBUART_1:dma_req_7\ ,
            dma_req_6 => \USBUART_1:dma_req_6\ ,
            dma_req_5 => \USBUART_1:dma_req_5\ ,
            dma_req_4 => \USBUART_1:dma_req_4\ ,
            dma_req_3 => \USBUART_1:dma_req_3\ ,
            dma_req_2 => \USBUART_1:dma_req_2\ ,
            dma_req_1 => \USBUART_1:dma_req_1\ ,
            dma_req_0 => \USBUART_1:dma_req_0\ ,
            dma_termin => \USBUART_1:Net_824\ );
        Properties:
        {
            cy_registers = ""
        }
VIDAC Fixed Block group 0: empty
Opamp Fixed Block group 0: empty
CapSense Buffer group 0: empty
Vref group 0: empty
LPF Fixed Block group 0: empty
SAR Fixed Block group 0: empty

Blocks not positioned by the digital component placer:
    Amux Block @ <No Location>: 
    amuxcell: Name =AMuxSeq_1_CYAMUXSIDE_A
        PORT MAP (
            muxin_1 => Net_641 ,
            muxin_0 => Net_633 ,
            vout => Net_609 );
        Properties:
        {
            api_type = 1
            connect_mode = 1
            cy_registers = ""
            hw_control = 0
            init_mux_sel = "00"
            muxin_width = 2
            one_active = 1
        }
    Amux Block @ <No Location>: 
    amuxcell: Name =AMuxSeq_1_CYAMUXSIDE_B
        PORT MAP (
            muxin_1 => Net_642 ,
            muxin_0 => Net_634 ,
            vout => \adc_1:Net_520\ );
        Properties:
        {
            api_type = 1
            connect_mode = 1
            cy_registers = ""
            hw_control = 0
            init_mux_sel = "00"
            muxin_width = 2
            one_active = 1
        }
</CYPRESSTAG>
<CYPRESSTAG name="Port Configuration Details">

------------------------------------------------------------
Port Configuration report
------------------------------------------------------------
     |     |       | Interrupt |                  |                   | 
Port | Pin | Fixed |      Type |       Drive Mode |              Name | Connections
-----+-----+-------+-----------+------------------+-------------------+-----------------------------
   3 |   0 |     * |      NONE |      HI_Z_ANALOG |          v_p_1(0) | Analog(Net_633)
     |   1 |     * |      NONE |      HI_Z_ANALOG |          v_m_1(0) | Analog(Net_634)
     |   3 |     * |      NONE |      HI_Z_ANALOG |          v_p_2(0) | Analog(Net_641)
     |   4 |     * |      NONE |      HI_Z_ANALOG |          v_m_2(0) | Analog(Net_642)
-----+-----+-------+-----------+------------------+-------------------+-----------------------------
   4 |   7 |     * |      NONE |      RES_PULL_UP |         button(0) | 
-----+-----+-------+-----------+------------------+-------------------+-----------------------------
  15 |   6 |       |   FALLING |      HI_Z_ANALOG | \USBUART_1:Dp(0)\ | Analog(\USBUART_1:Net_1000\)
     |   7 |       |      NONE |      HI_Z_ANALOG | \USBUART_1:Dm(0)\ | Analog(\USBUART_1:Net_597\)
----------------------------------------------------------------------------------------------------
</CYPRESSTAG>
</CYPRESSTAG>
</CYPRESSTAG>
Digital component placer commit/Report: Elapsed time ==> 0s.002ms
Digital Placement phase: Elapsed time ==> 1s.080ms
</CYPRESSTAG>
<CYPRESSTAG name="Digital Routing">
Routing successful.
Digital Routing phase: Elapsed time ==> 1s.663ms
</CYPRESSTAG>
<CYPRESSTAG name="Bitstream and API generation">
Bitstream and API generation phase: Elapsed time ==> 0s.305ms
</CYPRESSTAG>
<CYPRESSTAG name="Bitstream verification">
Bitstream verification phase: Elapsed time ==> 0s.070ms
</CYPRESSTAG>
<CYPRESSTAG name="Static timing analysis">
Timing report is in USB_UART01_timing.html.
Static timing analysis phase: Elapsed time ==> 0s.323ms
</CYPRESSTAG>
<CYPRESSTAG name="Data reporting">
Data reporting phase: Elapsed time ==> 0s.001ms
</CYPRESSTAG>
<CYPRESSTAG name="Database update...">
Design database save phase: Elapsed time ==> 0s.224ms
</CYPRESSTAG>
cydsfit: Elapsed time ==> 5s.369ms
</CYPRESSTAG>
Fitter phase: Elapsed time ==> 5s.432ms
API generation phase: Elapsed time ==> 1s.723ms
Dependency generation phase: Elapsed time ==> 0s.015ms
Cleanup phase: Elapsed time ==> 0s.001ms
